******************************************************************************
                  TI ARM Linker PC v20.2.7                     
******************************************************************************
>> Linked Sun Mar  9 15:36:17 2025

OUTPUT FILE NAME:   <Lab5.out>
ENTRY POINT SYMBOL: "_c_int00_noargs"  address: 00000c49


MEMORY CONFIGURATION

         name            origin    length      used     unused   attr    fill
----------------------  --------  ---------  --------  --------  ----  --------
  FLASH                 00000000   00040000  00000f2c  0003f0d4  R  X
  SRAM                  20000000   00008000  000005e4  00007a1c  RW X


SEGMENT ALLOCATION MAP

run origin  load origin   length   init length attrs members
----------  ----------- ---------- ----------- ----- -------
00000000    00000000    00000f2c   00000f2c    r-x
  00000000    00000000    0000026c   0000026c    r-- .intvecs
  0000026c    0000026c    00000a3c   00000a3c    r-x .text
  00000ca8    00000ca8    00000284   00000284    r-- .cinit
20000000    20000000    000005e8   00000000    rw-
  20000000    20000000    000003e4   00000000    rw- .data
  200003e8    200003e8    00000200   00000000    rw- .stack


SECTION ALLOCATION MAP

 output                                  attributes/
section   page    origin      length       input sections
--------  ----  ----------  ----------   ----------------
.intvecs   0    00000000    0000026c     
                  00000000    0000026c     tm4c123gh6pm_startup_ccs.obj (.intvecs)

.text      0    0000026c    00000a3c     
                  0000026c    000004d2     lab_5.obj (.text)
                  0000073e    00000002     --HOLE-- [fill = 0]
                  00000740    000003be     lab_5_library.obj (.text)
                  00000afe    0000009c     rtsv7M4_T_le_v4SPD16_eabi.lib : memcpy_t2.asm.obj (.text)
                  00000b9a    00000068                                   : copy_decompress_lzss.c.obj (.text:decompress:lzss:__TI_decompress_lzss)
                  00000c02    00000002     --HOLE-- [fill = 0]
                  00000c04    00000044                                   : autoinit.c.obj (.text:__TI_auto_init_nobinit_nopinit:__TI_auto_init_nobinit_nopinit)
                  00000c48    00000034                                   : boot_cortex_m.c.obj (.text:_c_int00_noargs:_c_int00_noargs)
                  00000c7c    0000000e                                   : copy_decompress_none.c.obj (.text:decompress:none:__TI_decompress_none)
                  00000c8a    0000000c     tm4c123gh6pm_startup_ccs.obj (.text)
                  00000c96    0000000a     main.obj (.text)
                  00000ca0    00000004     rtsv7M4_T_le_v4SPD16_eabi.lib : pre_init.c.obj (.text:_system_pre_init)
                  00000ca4    00000004                                   : exit.c.obj (.text:abort:abort)

.cinit     0    00000ca8    00000284     
                  00000ca8    00000273     (.cinit..data.load) [load image, compression = lzss]
                  00000f1b    00000001     --HOLE-- [fill = 0]
                  00000f1c    00000008     (__TI_handler_table)
                  00000f24    00000008     (__TI_cinit_table)

.init_array 
*          0    00000000    00000000     UNINITIALIZED

.data      0    20000000    000003e4     UNINITIALIZED
                  20000000    000003d2     lab_5.obj (.data)
                  200003d2    00000012     lab_5_library.obj (.data)

.stack     0    200003e8    00000200     UNINITIALIZED
                  200003e8    00000004     rtsv7M4_T_le_v4SPD16_eabi.lib : boot_cortex_m.c.obj (.stack)
                  200003ec    000001fc     --HOLE--

__llvm_prf_cnts 
*          0    20000000    00000000     UNINITIALIZED

MODULE SUMMARY

       Module                         code   ro data   rw data
       ------                         ----   -------   -------
    .\
       lab_5.obj                      1234   0         978    
       lab_5_library.obj              958    0         18     
       tm4c123gh6pm_startup_ccs.obj   12     620       0      
       main.obj                       10     0         0      
    +--+------------------------------+------+---------+---------+
       Total:                         2214   620       996    
                                                              
    C:\ti\ccs1281\ccs\tools\compiler\ti-cgt-arm_20.2.7.LTS\lib\rtsv7M4_T_le_v4SPD16_eabi.lib
       memcpy_t2.asm.obj              156    0         0      
       copy_decompress_lzss.c.obj     104    0         0      
       autoinit.c.obj                 68     0         0      
       boot_cortex_m.c.obj            52     0         0      
       copy_decompress_none.c.obj     14     0         0      
       exit.c.obj                     4      0         0      
       pre_init.c.obj                 4      0         0      
    +--+------------------------------+------+---------+---------+
       Total:                         402    0         0      
                                                              
       Stack:                         0      0         512    
       Linker Generated:              0      643       0      
    +--+------------------------------+------+---------+---------+
       Grand Total:                   2616   1263      1508   


LINKER GENERATED COPY TABLES

__TI_cinit_table @ 00000f24 records: 1, size/record: 8, table size: 8
	.data: load addr=00000ca8, load size=00000273 bytes, run addr=20000000, run size=000003e4 bytes, compression=lzss


LINKER GENERATED HANDLER TABLE

__TI_handler_table @ 00000f1c records: 2, size/record: 4, table size: 8
	index: 0, handler: __TI_decompress_lzss
	index: 1, handler: __TI_decompress_none


GLOBAL SYMBOLS: SORTED ALPHABETICALLY BY Name 

address   name                          
-------   ----                          
00000ca5  C$$EXIT                       
00000c8b  ResetISR                      
000006e1  Switch_Handler                
00000703  Timer_Handler                 
000006a7  UART0_Handler                 
200005e8  __STACK_END                   
00000200  __STACK_SIZE                  
200005e8  __STACK_TOP                   
00000f24  __TI_CINIT_Base               
00000f2c  __TI_CINIT_Limit              
00000f1c  __TI_Handler_Table_Base       
00000f24  __TI_Handler_Table_Limit      
00000c05  __TI_auto_init_nobinit_nopinit
00000b9b  __TI_decompress_lzss          
00000c7d  __TI_decompress_none          
ffffffff  __TI_pprof_out_hndl           
ffffffff  __TI_prof_data_size           
ffffffff  __TI_prof_data_start          
00000000  __TI_static_base__            
00000aff  __aeabi_memcpy                
00000aff  __aeabi_memcpy4               
00000aff  __aeabi_memcpy8               
ffffffff  __binit__                     
ffffffff  __c_args__                    
UNDEFED   __mpu_init                    
200003e8  __stack                       
20000000  __start___llvm_prf_cnts       
20000000  __stop___llvm_prf_cnts        
00000c49  _c_int00_noargs               
UNDEFED   _system_post_cinit            
00000ca1  _system_pre_init              
00000ca5  abort                         
ffffffff  binit                         
00000a25  division                      
00000000  g_pfnVectors                  
00000829  gpio_btn_and_LED_init         
00000651  gpio_interrupt_init           
0000096f  illuminate_LEDs               
00000991  illuminate_RGB_LED            
00000aa9  int2string                    
000002b1  lab5                          
00000c97  main                          
00000aff  memcpy                        
00000a65  multiplication                
200003d1  mydata                        
0000089f  output_character              
0000092f  output_string                 
20000000  prompt                        
000008c5  read_character                
00000957  read_from_push_btns           
000008eb  read_string                   
000009f9  read_tiva_pushbutton          
00000705  simple_read_character         
000007db  tiva_init                     
00000745  uart_init                     
00000627  uart_interrupt_init           


GLOBAL SYMBOLS: SORTED BY Symbol Address 

address   name                          
-------   ----                          
00000000  __TI_static_base__            
00000000  g_pfnVectors                  
00000200  __STACK_SIZE                  
000002b1  lab5                          
00000627  uart_interrupt_init           
00000651  gpio_interrupt_init           
000006a7  UART0_Handler                 
000006e1  Switch_Handler                
00000703  Timer_Handler                 
00000705  simple_read_character         
00000745  uart_init                     
000007db  tiva_init                     
00000829  gpio_btn_and_LED_init         
0000089f  output_character              
000008c5  read_character                
000008eb  read_string                   
0000092f  output_string                 
00000957  read_from_push_btns           
0000096f  illuminate_LEDs               
00000991  illuminate_RGB_LED            
000009f9  read_tiva_pushbutton          
00000a25  division                      
00000a65  multiplication                
00000aa9  int2string                    
00000aff  __aeabi_memcpy                
00000aff  __aeabi_memcpy4               
00000aff  __aeabi_memcpy8               
00000aff  memcpy                        
00000b9b  __TI_decompress_lzss          
00000c05  __TI_auto_init_nobinit_nopinit
00000c49  _c_int00_noargs               
00000c7d  __TI_decompress_none          
00000c8b  ResetISR                      
00000c97  main                          
00000ca1  _system_pre_init              
00000ca5  C$$EXIT                       
00000ca5  abort                         
00000f1c  __TI_Handler_Table_Base       
00000f24  __TI_CINIT_Base               
00000f24  __TI_Handler_Table_Limit      
00000f2c  __TI_CINIT_Limit              
20000000  __start___llvm_prf_cnts       
20000000  __stop___llvm_prf_cnts        
20000000  prompt                        
200003d1  mydata                        
200003e8  __stack                       
200005e8  __STACK_END                   
200005e8  __STACK_TOP                   
ffffffff  __TI_pprof_out_hndl           
ffffffff  __TI_prof_data_size           
ffffffff  __TI_prof_data_start          
ffffffff  __binit__                     
ffffffff  __c_args__                    
ffffffff  binit                         
UNDEFED   __mpu_init                    
UNDEFED   _system_post_cinit            

[56 symbols]
